I am a test file
Wed Jun 17 17:30:29 UTC 2020 : /home/runner/work/sandbox/sandbox
